// 重构日志: a913f51e
// 重构日志: 91bfa18f
// 重构日志: 568c15c9
// 重构日志: a7e1bc4c
// 重构日志: 988ad35e
// 重构日志: d48403f0
// 重构日志: 215745b6
// 重构日志: 11ca5fca
// 同步 ID: 800633d6 @ Sun Jul 26 01:48:14 UTC 2026
// 同步 ID: b5045190 @ Sun Jul 26 14:37:58 UTC 2026
// 同步 ID: bed9797d @ Mon Jul 27 18:07:04 UTC 2026
// 重构日志: b8ab1204
// 重构日志: cc9e3f99
// 同步 ID: 9cf09502 @ Fri Jul 31 02:04:24 UTC 2026
// 重构日志: 4401957a
// 同步 ID: ba83593c @ Sat Aug  1 01:41:43 UTC 2026
// 重构日志: c65a2f7a
// 同步 ID: 5305a896 @ Sat Aug  1 11:12:36 UTC 2026
// 重构日志: fca4abba
// 同步 ID: 26aa6be0 @ Sat Aug  1 14:45:07 UTC 2026
// 重构日志: fd67e221
// 重构日志: 46247c7a
// 重构日志: 63bcaa05
// 重构日志: 9314cd34
// 重构日志: e6c32204
// 重构日志: f28f757a
// 重构日志: a343c23e
// 重构日志: 1c73510c
// 重构日志: f09fd38d
// 同步 ID: cca883c2 @ Fri Aug  7 10:38:28 UTC 2026
